// Jest Snapshot v1, https://goo.gl/fbAQLP

exports[`should render Login Page component 1`] = `
<div
  className="box-layout"
>
  <div
    className="box-layout__box"
  >
    <h1
      className="box-layout__title"
    >
      Expensify
    </h1>
    <p>
      Save money by planning expenses
    </p>
    <button
      className="button-layout"
    >
      Login With Google
    </button>
  </div>
</div>
`;
