// Jest Snapshot v1, https://goo.gl/fbAQLP

exports[`should render Page Not Found component 1`] = `
<div>
  <p>
    404!
  </p>
   
  <Link
    replace={false}
    to="/"
  >
     Go Home 
  </Link>
</div>
`;
